[Error at test_restrict.cu:110:2] __restrict__ semantics violation: write to b[3] aliases with access to a[3] at test_restrict.cu:109:2