[Error at test_loops.cu:30:4] Array with size 10000 accessed at index 10000