[Error at test_restrict.cu:10:3] __restrict__ semantics violation: write to a[0] aliases with access to b[1] at test_restrict.cu:10:10