[Error at test_restrict.cu:40:2] __restrict__ semantics violation: write to a[3] aliases with access to b[3] at test_restrict.cu:42:3