[Error at test_loops.cu:11:5] Array with size 5 accessed at index 5
[Error at test_loops.cu:15:4] Array with size 5 accessed at index 6
[Error at test_loops.cu:16:4] Array with size 5 accessed at index 5